- The project is out-of-sync -- use `renv::status()` for details.

Attaching package: ‘dplyr’

The following objects are masked from ‘package:stats’:

    filter, lag

The following objects are masked from ‘package:base’:

    intersect, setdiff, setequal, union

Loading required package: Rcpp
Loading 'brms' package (version 2.23.0). Useful instructions
can be found by typing help('brms'). A more detailed introduction
to the package is available through vignette('brms_overview').

Attaching package: ‘brms’

The following object is masked from ‘package:stats’:

    ar

[1] "Fitting Bayesian Multinomial Mixed Model..."
Start sampling
Running MCMC with 4 parallel chains...

Warning: Chain 1 finished unexpectedly!

Warning: Chain 2 finished unexpectedly!

Warning: Chain 4 finished unexpectedly!

Warning: Chain 3 finished unexpectedly!

Warning: Use read_cmdstan_csv() to read the results of the failed chains.
Error: Fitting failed. Unable to retrieve the metadata.
In addition: Warning messages:
1: Rows containing NAs were excluded from the model. 
2: All chains finished unexpectedly! Use the $output(chain_id) method for more information.
 
3: No chains finished successfully. Unable to retrieve the fit. 
Execution halted
